00:00 +0: loading /Users/faruqshabi/AndroidStudioProjects/tiktok_video_downloader/test/widget_test.dart                                                                                                00:01 +0: loading /Users/faruqshabi/AndroidStudioProjects/tiktok_video_downloader/test/widget_test.dart                                                                                                00:02 +0: loading /Users/faruqshabi/AndroidStudioProjects/tiktok_video_downloader/test/widget_test.dart                                                                                                00:03 +0: loading /Users/faruqshabi/AndroidStudioProjects/tiktok_video_downloader/test/widget_test.dart                                                                                                00:04 +0: loading /Users/faruqshabi/AndroidStudioProjects/tiktok_video_downloader/test/widget_test.dart                                                                                                00:04 +0: (setUpAll)                                                                                                                                                                                   00:04 +0: App smoke test                                                                                                                                                                               00:04 +0: App smoke test                                                                                                                                                                               
Pending timers:
Timer (duration: 0:00:02.000000, periodic: true), created:
#0      new FakeTimer._ (package:fake_async/fake_async.dart:342:62)
#1      FakeAsync._createTimer (package:fake_async/fake_async.dart:260:29)
#2      FakeAsync.run.<anonymous closure> (package:fake_async/fake_async.dart:187:15)
#5      _SplashScreenState.initState (package:tiktok_video_downloader/src/features/splash/presentation/screens/splash_screen.dart:37:11)
#6      StatefulElement._firstBuild (package:flutter/src/widgets/framework.dart:5852:55)
#7      ComponentElement.mount (package:flutter/src/widgets/framework.dart:5699:5)
...     Normal element mounting (228 frames)
#235    Element.inflateWidget (package:flutter/src/widgets/framework.dart:4548:16)
#236    MultiChildRenderObjectElement.inflateWidget (package:flutter/src/widgets/framework.dart:7169:36)
#237    MultiChildRenderObjectElement.mount (package:flutter/src/widgets/framework.dart:7185:32)
...     Normal element mounting (454 frames)
#691    _InheritedProviderScopeElement.mount (package:provider/src/inherited_provider.dart:424:11)
...     Normal element mounting (7 frames)
#698    SingleChildWidgetElementMixin.mount (package:nested/nested.dart:222:11)
...     Normal element mounting (7 frames)
#705    SingleChildWidgetElementMixin.mount (package:nested/nested.dart:222:11)
...     Normal element mounting (7 frames)
#712    Element.inflateWidget (package:flutter/src/widgets/framework.dart:4548:16)
#713    Element.updateChild (package:flutter/src/widgets/framework.dart:3998:20)
#714    ComponentElement.performRebuild (package:flutter/src/widgets/framework.dart:5747:16)
#715    Element.rebuild (package:flutter/src/widgets/framework.dart:5435:7)
#716    ProxyElement.update (package:flutter/src/widgets/framework.dart:6051:5)
#717    _InheritedNotifierElement.update (package:flutter/src/widgets/inherited_notifier.dart:108:11)
#718    Element.updateChild (package:flutter/src/widgets/framework.dart:3982:15)
#719    ComponentElement.performRebuild (package:flutter/src/widgets/framework.dart:5747:16)
#720    StatefulElement.performRebuild (package:flutter/src/widgets/framework.dart:5884:11)
#721    Element.rebuild (package:flutter/src/widgets/framework.dart:5435:7)
#722    StatefulElement.update (package:flutter/src/widgets/framework.dart:5909:5)
#723    Element.updateChild (package:flutter/src/widgets/framework.dart:3982:15)
#724    ComponentElement.performRebuild (package:flutter/src/widgets/framework.dart:5747:16)
#725    Element.rebuild (package:flutter/src/widgets/framework.dart:5435:7)
#726    ProxyElement.update (package:flutter/src/widgets/framework.dart:6051:5)
#727    _InheritedNotifierElement.update (package:flutter/src/widgets/inherited_notifier.dart:108:11)
#728    Element.updateChild (package:flutter/src/widgets/framework.dart:3982:15)
#729    ComponentElement.performRebuild (package:flutter/src/widgets/framework.dart:5747:16)
#730    StatefulElement.performRebuild (package:flutter/src/widgets/framework.dart:5884:11)
#731    Element.rebuild (package:flutter/src/widgets/framework.dart:5435:7)
#732    StatefulElement.update (package:flutter/src/widgets/framework.dart:5909:5)
#733    Element.updateChild (package:flutter/src/widgets/framework.dart:3982:15)
#734    ComponentElement.performRebuild (package:flutter/src/widgets/framework.dart:5747:16)
#735    StatefulElement.performRebuild (package:flutter/src/widgets/framework.dart:5884:11)
#736    Element.rebuild (package:flutter/src/widgets/framework.dart:5435:7)
#737    StatefulElement.update (package:flutter/src/widgets/framework.dart:5909:5)
#738    Element.updateChild (package:flutter/src/widgets/framework.dart:3982:15)
#739    ComponentElement.performRebuild (package:flutter/src/widgets/framework.dart:5747:16)
#740    Element.rebuild (package:flutter/src/widgets/framework.dart:5435:7)
#741    ProxyElement.update (package:flutter/src/widgets/framework.dart:6051:5)
#742    Element.updateChild (package:flutter/src/widgets/framework.dart:3982:15)
#743    ComponentElement.performRebuild (package:flutter/src/widgets/framework.dart:5747:16)
#744    StatefulElement.performRebuild (package:flutter/src/widgets/framework.dart:5884:11)
#745    Element.rebuild (package:flutter/src/widgets/framework.dart:5435:7)
#746    StatefulElement.update (package:flutter/src/widgets/framework.dart:5909:5)
#747    Element.updateChild (package:flutter/src/widgets/framework.dart:3982:15)
#748    ComponentElement.performRebuild (package:flutter/src/widgets/framework.dart:5747:16)
#749    Element.rebuild (package:flutter/src/widgets/framework.dart:5435:7)
#750    ProxyElement.update (package:flutter/src/widgets/framework.dart:6051:5)
#751    Element.updateChild (package:flutter/src/widgets/framework.dart:3982:15)
#752    ComponentElement.performRebuild (package:flutter/src/widgets/framework.dart:5747:16)
#753    Element.rebuild (package:flutter/src/widgets/framework.dart:5435:7)
#754    ProxyElement.update (package:flutter/src/widgets/framework.dart:6051:5)
#755    Element.updateChild (package:flutter/src/widgets/framework.dart:3982:15)
#756    _RawViewElement._updateChild (package:flutter/src/widgets/view.dart:481:16)
#757    _RawViewElement.update (package:flutter/src/widgets/view.dart:568:5)
#758    Element.updateChild (package:flutter/src/widgets/framework.dart:3982:15)
#759    ComponentElement.performRebuild (package:flutter/src/widgets/framework.dart:5747:16)
#760    Element.rebuild (package:flutter/src/widgets/framework.dart:5435:7)
#761    StatelessElement.update (package:flutter/src/widgets/framework.dart:5797:5)
#762    Element.updateChild (package:flutter/src/widgets/framework.dart:3982:15)
#763    ComponentElement.performRebuild (package:flutter/src/widgets/framework.dart:5747:16)
#764    StatefulElement.performRebuild (package:flutter/src/widgets/framework.dart:5884:11)
#765    Element.rebuild (package:flutter/src/widgets/framework.dart:5435:7)
#766    StatefulElement.update (package:flutter/src/widgets/framework.dart:5909:5)
#767    Element.updateChild (package:flutter/src/widgets/framework.dart:3982:15)
#768    RootElement._rebuild (package:flutter/src/widgets/binding.dart:1716:16)
#769    RootElement.update (package:flutter/src/widgets/binding.dart:1694:5)
#770    RootElement.performRebuild (package:flutter/src/widgets/binding.dart:1708:7)
#771    Element.rebuild (package:flutter/src/widgets/framework.dart:5435:7)
#772    BuildScope._tryRebuild (package:flutter/src/widgets/framework.dart:2695:15)
#773    BuildScope._flushDirtyElements (package:flutter/src/widgets/framework.dart:2752:11)
#774    BuildOwner.buildScope (package:flutter/src/widgets/framework.dart:3056:18)
#775    AutomatedTestWidgetsFlutterBinding.drawFrame (package:flutter_test/src/binding.dart:1506:19)
#776    RendererBinding._handlePersistentFrameCallback (package:flutter/src/rendering/binding.dart:495:5)
#777    SchedulerBinding._invokeFrameCallback (package:flutter/src/scheduler/binding.dart:1434:15)
#778    SchedulerBinding.handleDrawFrame (package:flutter/src/scheduler/binding.dart:1347:9)
#779    AutomatedTestWidgetsFlutterBinding.pump.<anonymous closure> (package:flutter_test/src/binding.dart:1335:9)
#782    TestAsyncUtils.guard (package:flutter_test/src/test_async_utils.dart:74:41)
#783    AutomatedTestWidgetsFlutterBinding.pump (package:flutter_test/src/binding.dart:1324:27)
#784    WidgetTester.pumpWidget.<anonymous closure> (package:flutter_test/src/widget_tester.dart:598:22)
#787    TestAsyncUtils.guard (package:flutter_test/src/test_async_utils.dart:74:41)
#788    WidgetTester.pumpWidget (package:flutter_test/src/widget_tester.dart:595:27)
#789    main.<anonymous closure> (file:///Users/faruqshabi/AndroidStudioProjects/tiktok_video_downloader/test/widget_test.dart:13:18)
#790    testWidgets.<anonymous closure>.<anonymous closure> (package:flutter_test/src/widget_tester.dart:192:29)
<asynchronous suspension>
#791    TestWidgetsFlutterBinding._runTestBody (package:flutter_test/src/binding.dart:1059:5)
<asynchronous suspension>
<asynchronous suspension>
(elided 7 frames from dart:async and package:stack_trace)

══╡ EXCEPTION CAUGHT BY FLUTTER TEST FRAMEWORK ╞════════════════════════════════════════════════════
The following assertion was thrown running a test:
A Timer is still pending even after the widget tree was disposed.
'package:flutter_test/src/binding.dart':
Failed assertion: line 1617 pos 12: '!timersPending'

When the exception was thrown, this was the stack:
#2      AutomatedTestWidgetsFlutterBinding._verifyInvariants (package:flutter_test/src/binding.dart:1617:12)
#3      TestWidgetsFlutterBinding._runTestBody (package:flutter_test/src/binding.dart:1078:7)
<asynchronous suspension>
<asynchronous suspension>
(elided 3 frames from class _AssertionError and package:stack_trace)

The test description was:
  App smoke test
════════════════════════════════════════════════════════════════════════════════════════════════════
00:04 +0 -1: App smoke test [E]                                                                                                                                                                        
  Test failed. See exception logs above.
  The test description was: App smoke test
  

To run this test again: /Users/faruqshabi/development_library/flutter/bin/cache/dart-sdk/bin/dart test /Users/faruqshabi/AndroidStudioProjects/tiktok_video_downloader/test/widget_test.dart -p vm --plain-name 'App smoke test'
00:04 +0 -1: (tearDownAll)                                                                                                                                                                             00:04 +0 -1: Some tests failed.                                                                                                                                                                        
